
> my-app@1.0.0 test
> vitest run


[1m[46m RUN [49m[22m [36mv3.2.4 [39m[90mC:/dev/Cloud-Gallery[39m

 [31mΓ¥»[39m client/lib/storage.test.ts [2m([22m[2m63 tests[22m[2m | [22m[31m1 failed[39m[2m)[22m[32m 139[2mms[22m[39m
   [32mΓ£ô[39m Photo Storage[2m > [22mgetPhotos[2m > [22mshould return empty array when no photos exist[32m 3[2mms[22m[39m
   [32mΓ£ô[39m Photo Storage[2m > [22mgetPhotos[2m > [22mshould return parsed photos from AsyncStorage[32m 1[2mms[22m[39m
   [32mΓ£ô[39m Photo Storage[2m > [22mgetPhotos[2m > [22mshould return empty array on parse error[32m 0[2mms[22m[39m
   [32mΓ£ô[39m Photo Storage[2m > [22mgetPhotos[2m > [22mshould handle AsyncStorage errors[32m 0[2mms[22m[39m
   [32mΓ£ô[39m Photo Storage[2m > [22msavePhotos[2m > [22mshould save photos to AsyncStorage[32m 2[2mms[22m[39m
   [32mΓ£ô[39m Photo Storage[2m > [22msavePhotos[2m > [22mshould save empty array[32m 1[2mms[22m[39m
   [32mΓ£ô[39m Photo Storage[2m > [22maddPhoto[2m > [22mshould add photo to beginning of list[32m 1[2mms[22m[39m
   [32mΓ£ô[39m Photo Storage[2m > [22maddPhoto[2m > [22mshould add photo to empty list[32m 0[2mms[22m[39m
   [32mΓ£ô[39m Photo Storage[2m > [22mdeletePhoto[2m > [22mshould remove photo from list[32m 1[2mms[22m[39m
   [32mΓ£ô[39m Photo Storage[2m > [22mdeletePhoto[2m > [22mshould remove photo from albums[32m 1[2mms[22m[39m
   [32mΓ£ô[39m Photo Storage[2m > [22mdeletePhoto[2m > [22mshould update album cover when deleted photo is cover[32m 0[2mms[22m[39m
   [32mΓ£ô[39m Photo Storage[2m > [22mdeletePhoto[2m > [22mshould set cover to null when no photos left[32m 0[2mms[22m[39m
   [32mΓ£ô[39m Photo Storage[2m > [22mdeletePhoto[2m > [22mshould not change cover when deleted photo is not cover[32m 0[2mms[22m[39m
   [32mΓ£ô[39m Photo Storage[2m > [22mtoggleFavorite[2m > [22mshould toggle photo favorite status[32m 1[2mms[22m[39m
   [32mΓ£ô[39m Photo Storage[2m > [22mtoggleFavorite[2m > [22mshould toggle from true to false[32m 0[2mms[22m[39m
   [32mΓ£ô[39m Photo Storage[2m > [22mtoggleFavorite[2m > [22mshould return null for non-existent photo[32m 0[2mms[22m[39m
   [32mΓ£ô[39m Album Storage[2m > [22mgetAlbums[2m > [22mshould return empty array when no albums exist[32m 0[2mms[22m[39m
   [32mΓ£ô[39m Album Storage[2m > [22mgetAlbums[2m > [22mshould return parsed albums from AsyncStorage[32m 0[2mms[22m[39m
   [32mΓ£ô[39m Album Storage[2m > [22mgetAlbums[2m > [22mshould return empty array on error[32m 0[2mms[22m[39m
   [32mΓ£ô[39m Album Storage[2m > [22msaveAlbums[2m > [22mshould save albums to AsyncStorage[32m 0[2mms[22m[39m
   [32mΓ£ô[39m Album Storage[2m > [22mcreateAlbum[2m > [22mshould create new album with generated ID[32m 1[2mms[22m[39m
   [32mΓ£ô[39m Album Storage[2m > [22mcreateAlbum[2m > [22mshould add album to beginning of list[32m 0[2mms[22m[39m
   [32mΓ£ô[39m Album Storage[2m > [22mdeleteAlbum[2m > [22mshould remove album from list[32m 0[2mms[22m[39m
   [32mΓ£ô[39m Album Storage[2m > [22maddPhotosToAlbum[2m > [22mshould add photos to album and update modifiedAt[32m 1[2mms[22m[39m
   [32mΓ£ô[39m Album Storage[2m > [22maddPhotosToAlbum[2m > [22mshould set cover photo if album has none[32m 0[2mms[22m[39m
   [32mΓ£ô[39m Album Storage[2m > [22maddPhotosToAlbum[2m > [22mshould not add duplicate photos[32m 0[2mms[22m[39m
   [32mΓ£ô[39m Album Storage[2m > [22maddPhotosToAlbum[2m > [22mshould update photo.albumIds bidirectionally[32m 0[2mms[22m[39m
   [32mΓ£ô[39m Album Storage[2m > [22maddPhotosToAlbum[2m > [22mshould handle non-existent album[32m 0[2mms[22m[39m
   [32mΓ£ô[39m Album Storage[2m > [22mremovePhotoFromAlbum[2m > [22mshould remove photo from album[32m 1[2mms[22m[39m
   [32mΓ£ô[39m Album Storage[2m > [22mremovePhotoFromAlbum[2m > [22mshould update cover photo when removed photo is cover[32m 0[2mms[22m[39m
   [32mΓ£ô[39m Album Storage[2m > [22mremovePhotoFromAlbum[2m > [22mshould set cover to null when no photos remain[32m 0[2mms[22m[39m
   [32mΓ£ô[39m Album Storage[2m > [22mremovePhotoFromAlbum[2m > [22mshould update photo.albumIds bidirectionally[32m 0[2mms[22m[39m
   [32mΓ£ô[39m Album Storage[2m > [22mremovePhotoFromAlbum[2m > [22mshould handle non-existent album in removePhotoFromAlbum[32m 0[2mms[22m[39m
   [32mΓ£ô[39m Storage Info[2m > [22mgetStorageInfo[2m > [22mshould calculate storage from photos[32m 0[2mms[22m[39m
   [32mΓ£ô[39m Storage Info[2m > [22mgetStorageInfo[2m > [22mshould count multiple photos and albums[32m 0[2mms[22m[39m
   [32mΓ£ô[39m Storage Info[2m > [22mgetStorageInfo[2m > [22mshould return zeros for empty storage[32m 0[2mms[22m[39m
   [32mΓ£ô[39m User Profile[2m > [22mgetUserProfile[2m > [22mshould return default profile when none exists[32m 0[2mms[22m[39m
   [32mΓ£ô[39m User Profile[2m > [22mgetUserProfile[2m > [22mshould return saved profile[32m 0[2mms[22m[39m
   [32mΓ£ô[39m User Profile[2m > [22mgetUserProfile[2m > [22mshould return default on error[32m 0[2mms[22m[39m
   [32mΓ£ô[39m User Profile[2m > [22msaveUserProfile[2m > [22mshould save profile to AsyncStorage[32m 0[2mms[22m[39m
   [32mΓ£ô[39m User Profile[2m > [22msaveUserProfile[2m > [22mshould save profile with null avatar[32m 0[2mms[22m[39m
   [32mΓ£ô[39m clearAllData[2m > [22mshould remove all data keys[32m 0[2mms[22m[39m
   [32mΓ£ô[39m groupPhotosByDate[2m > [22mshould group photos by Today[32m 1[2mms[22m[39m
   [32mΓ£ô[39m groupPhotosByDate[2m > [22mshould group photos by Yesterday[32m 0[2mms[22m[39m
   [32mΓ£ô[39m groupPhotosByDate[2m > [22mshould group photos by Last 7 Days[32m 0[2mms[22m[39m
   [32mΓ£ô[39m groupPhotosByDate[2m > [22mshould group photos by Last Month[32m 0[2mms[22m[39m
   [32mΓ£ô[39m groupPhotosByDate[2m > [22mshould group old photos by month/year[32m 27[2mms[22m[39m
   [32mΓ£ô[39m groupPhotosByDate[2m > [22mshould sort groups in correct order[32m 6[2mms[22m[39m
   [32mΓ£ô[39m groupPhotosByDate[2m > [22mshould handle empty photo array[32m 0[2mms[22m[39m
   [32mΓ£ô[39m groupPhotosByDate[2m > [22mshould group multiple photos in same category[32m 1[2mms[22m[39m
   [32mΓ£ô[39m groupPhotosByDate[2m > [22mshould sort old date groups chronologically (newest first)[32m 4[2mms[22m[39m
   [32mΓ£ô[39m groupPhotosByDate[2m > [22mshould handle mix of recent and old groups correctly[32m 1[2mms[22m[39m
   [32mΓ£ô[39m Storage Edge Cases[2m > [22mPhoto Boundary Conditions[2m > [22mshould handle photos with extreme dimensions[32m 17[2mms[22m[39m
   [32mΓ£ô[39m Storage Edge Cases[2m > [22mPhoto Boundary Conditions[2m > [22mshould handle empty photo arrays gracefully[32m 1[2mms[22m[39m
   [32mΓ£ô[39m Storage Edge Cases[2m > [22mPhoto Boundary Conditions[2m > [22mshould handle malformed photo data[32m 0[2mms[22m[39m
   [32mΓ£ô[39m Storage Edge Cases[2m > [22mAlbum Boundary Conditions[2m > [22mshould handle albums with edge case titles[32m 2[2mms[22m[39m
   [32mΓ£ô[39m Storage Edge Cases[2m > [22mAlbum Boundary Conditions[2m > [22mshould handle albums with no photos[32m 1[2mms[22m[39m
   [32mΓ£ô[39m Storage Edge Cases[2m > [22mUser Profile Edge Cases[2m > [22mshould handle user profiles with edge case data[32m 1[2mms[22m[39m
   [32mΓ£ô[39m Storage Edge Cases[2m > [22mUser Profile Edge Cases[2m > [22mshould handle missing user profile gracefully[32m 0[2mms[22m[39m
   [32mΓ£ô[39m Storage Edge Cases[2m > [22mStorage Info Edge Cases[2m > [22mshould calculate storage info for empty datasets[32m 0[2mms[22m[39m
   [32mΓ£ô[39m Storage Edge Cases[2m > [22mStorage Info Edge Cases[2m > [22mshould handle large datasets without overflow[32m 25[2mms[22m[39m
[31m   [31m├ù[31m Storage Edge Cases[2m > [22mData Consistency Edge Cases[2m > [22mshould handle orphaned photo references[39m[32m 17[2mms[22m[39m
[31m     ΓåÆ the given combination of arguments (undefined and string) is invalid for this assertion. You can use an array, a map, an object, a set, a string, or a weakset instead of a string[39m
   [32mΓ£ô[39m Storage Edge Cases[2m > [22mData Consistency Edge Cases[2m > [22mshould handle concurrent operations gracefully[32m 6[2mms[22m[39m
 [32mΓ£ô[39m server/encryption.test.ts [2m([22m[2m15 tests[22m[2m)[22m[33m 941[2mms[22m[39m
 [31mΓ¥»[39m server/auth-routes.test.ts [2m([22m[2m10 tests[22m[2m | [22m[31m4 failed[39m[2m)[22m[32m 251[2mms[22m[39m
[31m   [31m├ù[31m Authentication Routes[2m > [22mPOST /api/auth/register[2m > [22mshould register a new user successfully[39m[32m 116[2mms[22m[39m
[31m     ΓåÆ expected 201 "Created", got 500 "Internal Server Error"[39m
   [32mΓ£ô[39m Authentication Routes[2m > [22mPOST /api/auth/register[2m > [22mshould reject weak passwords[32m 30[2mms[22m[39m
   [32mΓ£ô[39m Authentication Routes[2m > [22mPOST /api/auth/register[2m > [22mshould validate email format[32m 16[2mms[22m[39m
[31m   [31m├ù[31m Authentication Routes[2m > [22mPOST /api/auth/login[2m > [22mshould login successfully with valid credentials[39m[32m 14[2mms[22m[39m
[31m     ΓåÆ expected 200 "OK", got 401 "Unauthorized"[39m
   [32mΓ£ô[39m Authentication Routes[2m > [22mPOST /api/auth/login[2m > [22mshould reject login with invalid credentials[32m 17[2mms[22m[39m
[31m   [31m├ù[31m Authentication Routes[2m > [22mPOST /api/auth/refresh[2m > [22mshould refresh access token with valid refresh token[39m[32m 9[2mms[22m[39m
[31m     ΓåÆ expected 200 "OK", got 403 "Forbidden"[39m
   [32mΓ£ô[39m Authentication Routes[2m > [22mPOST /api/auth/refresh[2m > [22mshould reject refresh token request without token[32m 10[2mms[22m[39m
   [32mΓ£ô[39m Authentication Routes[2m > [22mPOST /api/auth/refresh[2m > [22mshould reject invalid refresh token[32m 18[2mms[22m[39m
[31m   [31m├ù[31m Authentication Routes[2m > [22mGET /api/auth/me[2m > [22mshould return user info with valid token[39m[32m 11[2mms[22m[39m
[31m     ΓåÆ expected 200 "OK", got 404 "Not Found"[39m
   [32mΓ£ô[39m Authentication Routes[2m > [22mGET /api/auth/me[2m > [22mshould reject request without token[32m 7[2mms[22m[39m
 [32mΓ£ô[39m server/middleware.test.ts [2m([22m[2m28 tests[22m[2m)[22m[33m 451[2mms[22m[39m
 [32mΓ£ô[39m server/db-encryption.test.ts [2m([22m[2m21 tests[22m[2m)[22m[33m 1713[2mms[22m[39m
   [33m[2mΓ£ô[22m[39m Database Encryption[2m > [22mencryptField and decryptField[2m > [22mshould produce different encrypted values for same input [33m 310[2mms[22m[39m
   [33m[2mΓ£ô[22m[39m Database Encryption[2m > [22mencryptSensitiveFields and decryptSensitiveFields[2m > [22mshould handle multiple sensitive fields [33m 402[2mms[22m[39m
 [32mΓ£ô[39m client/lib/storage.performance.test.ts [2m([22m[2m11 tests[22m[2m)[22m[33m 364[2mms[22m[39m
 [32mΓ£ô[39m client/lib/secure-storage.test.ts [2m([22m[2m15 tests[22m[2m)[22m[32m 44[2mms[22m[39m
 [32mΓ£ô[39m client/screens/PhotoDetailScreen.test.tsx [2m([22m[2m7 tests[22m[2m)[22m[33m 472[2mms[22m[39m
 [32mΓ£ô[39m server/security.breach.test.ts [2m([22m[2m5 tests[22m[2m)[22m[32m 20[2mms[22m[39m
 [32mΓ£ô[39m server/audit.test.ts [2m([22m[2m24 tests[22m[2m)[22m[32m 31[2mms[22m[39m
 [31mΓ¥»[39m server/security.test.ts [2m([22m[2m26 tests[22m[2m | [22m[31m1 failed[39m[2m)[22m[33m 4603[2mms[22m[39m
[31m   [31m├ù[31m Password Hashing[2m > [22mshould hash a password[39m[33m 489[2mms[22m[39m
[31m     ΓåÆ expected '$argon2id$v=19$m=65536,t=3,p=4$8HP+CYΓÇª' to contain ':'[39m
   [33m[2mΓ£ô[22m[39m Password Hashing[2m > [22mshould produce different hashes for same password [33m 1306[2mms[22m[39m
   [33m[2mΓ£ô[22m[39m Password Hashing[2m > [22mshould verify correct password [33m 2237[2mms[22m[39m
   [33m[2mΓ£ô[22m[39m Password Hashing[2m > [22mshould reject incorrect password [33m 527[2mms[22m[39m
   [32mΓ£ô[39m Password Hashing[2m > [22mshould reject invalid hash format[32m 1[2mms[22m[39m
   [32mΓ£ô[39m Token Generation[2m > [22mshould generate secure token[32m 2[2mms[22m[39m
   [32mΓ£ô[39m Token Generation[2m > [22mshould generate unique tokens[32m 0[2mms[22m[39m
   [32mΓ£ô[39m Token Generation[2m > [22mshould generate token with custom length[32m 0[2mms[22m[39m
   [32mΓ£ô[39m Token Generation[2m > [22mshould generate session token with expiry[32m 1[2mms[22m[39m
   [32mΓ£ô[39m SHA-256 Hashing[2m > [22mshould hash data with SHA-256[32m 2[2mms[22m[39m
   [32mΓ£ô[39m SHA-256 Hashing[2m > [22mshould produce consistent hash[32m 0[2mms[22m[39m
   [32mΓ£ô[39m SHA-256 Hashing[2m > [22mshould produce different hash for different data[32m 0[2mms[22m[39m
   [32mΓ£ô[39m Sanitization for Logging[2m > [22mshould sanitize email addresses[32m 1[2mms[22m[39m
   [32mΓ£ô[39m Sanitization for Logging[2m > [22mshould sanitize IP addresses[32m 0[2mms[22m[39m
   [32mΓ£ô[39m Sanitization for Logging[2m > [22mshould sanitize credit card numbers[32m 0[2mms[22m[39m
   [32mΓ£ô[39m Sanitization for Logging[2m > [22mshould sanitize phone numbers[32m 0[2mms[22m[39m
   [32mΓ£ô[39m Sanitization for Logging[2m > [22mshould handle multiple sensitive data types[32m 16[2mms[22m[39m
   [32mΓ£ô[39m Password Strength Validation[2m > [22mshould accept strong password[32m 2[2mms[22m[39m
   [32mΓ£ô[39m Password Strength Validation[2m > [22mshould reject short password[32m 1[2mms[22m[39m
   [32mΓ£ô[39m Password Strength Validation[2m > [22mshould reject password without lowercase[32m 12[2mms[22m[39m
   [32mΓ£ô[39m Password Strength Validation[2m > [22mshould reject password without uppercase[32m 1[2mms[22m[39m
   [32mΓ£ô[39m Password Strength Validation[2m > [22mshould reject password without number[32m 0[2mms[22m[39m
   [32mΓ£ô[39m Password Strength Validation[2m > [22mshould reject password without special character[32m 0[2mms[22m[39m
   [32mΓ£ô[39m Password Strength Validation[2m > [22mshould reject common weak passwords[32m 0[2mms[22m[39m
   [32mΓ£ô[39m Password Strength Validation[2m > [22mshould reject too long password[32m 1[2mms[22m[39m
   [32mΓ£ô[39m Password Strength Validation[2m > [22mshould provide all relevant errors[32m 0[2mms[22m[39m
 [32mΓ£ô[39m client/lib/error-handling.property.test.ts [2m([22m[2m8 tests[22m[2m)[22m[32m 250[2mms[22m[39m
 [32mΓ£ô[39m server/index.test.ts [2m([22m[2m39 tests[22m[2m)[22m[32m 19[2mms[22m[39m
 [32mΓ£ô[39m server/captcha.test.ts [2m([22m[2m8 tests[22m[2m)[22m[32m 12[2mms[22m[39m
 [32mΓ£ô[39m server/storage.test.ts [2m([22m[2m17 tests[22m[2m)[22m[32m 12[2mms[22m[39m
 [32mΓ£ô[39m server/siem.test.ts [2m([22m[2m3 tests[22m[2m)[22m[32m 17[2mms[22m[39m
 [32mΓ£ô[39m shared/schema.test.ts [2m([22m[2m20 tests[22m[2m)[22m[32m 10[2mms[22m[39m
 [32mΓ£ô[39m server/routes.test.ts [2m([22m[2m3 tests[22m[2m)[22m[33m 1190[2mms[22m[39m
   [33m[2mΓ£ô[22m[39m registerRoutes[2m > [22mreturns an HTTP server instance [33m 883[2mms[22m[39m
 [31mΓ¥»[39m server/file-validation.test.ts [2m([22m[2m16 tests[22m[2m | [22m[31m1 failed[39m[2m)[22m[33m 8097[2mms[22m[39m
   [32mΓ£ô[39m File Validation[2m > [22mvalidateFile[2m > [22mshould validate a valid JPEG image[32m 6[2mms[22m[39m
   [32mΓ£ô[39m File Validation[2m > [22mvalidateFile[2m > [22mshould reject files with no content[32m 1[2mms[22m[39m
   [32mΓ£ô[39m File Validation[2m > [22mvalidateFile[2m > [22mshould reject files with unknown types[32m 1[2mms[22m[39m
[31m   [31m├ù[31m File Validation[2m > [22mvalidateFile[2m > [22mshould reject files that exceed size limits[39m[33m 8076[2mms[22m[39m
[31m     ΓåÆ Test timed out in 5000ms.
If this is a long-running test, pass a timeout value as the last argument or configure it globally with "testTimeout".[39m
   [32mΓ£ô[39m File Validation[2m > [22mvalidateFile[2m > [22mshould detect malicious content in text files[32m 1[2mms[22m[39m
   [32mΓ£ô[39m File Validation[2m > [22mvalidateFile[2m > [22mshould generate consistent hash for same file[32m 1[2mms[22m[39m
   [32mΓ£ô[39m File Validation[2m > [22msanitizeFilename[2m > [22mshould sanitize dangerous filenames[32m 5[2mms[22m[39m
   [32mΓ£ô[39m File Validation[2m > [22msanitizeFilename[2m > [22mshould handle empty or null filenames[32m 0[2mms[22m[39m
   [32mΓ£ô[39m File Validation[2m > [22msanitizeFilename[2m > [22mshould preserve safe filenames[32m 0[2mms[22m[39m
   [32mΓ£ô[39m File Validation[2m > [22msanitizeFilename[2m > [22mshould limit filename length[32m 0[2mms[22m[39m
   [32mΓ£ô[39m File Validation[2m > [22mgetAllowedFileTypes[2m > [22mshould return all allowed file types with configuration[32m 1[2mms[22m[39m
   [32mΓ£ô[39m File Validation[2m > [22mgetAllowedFileTypes[2m > [22mshould match ALLOWED_FILE_TYPES constant[32m 1[2mms[22m[39m
   [32mΓ£ô[39m File Validation[2m > [22mFile Type Detection[2m > [22mshould detect PNG files[32m 0[2mms[22m[39m
   [32mΓ£ô[39m File Validation[2m > [22mFile Type Detection[2m > [22mshould detect GIF files[32m 0[2mms[22m[39m
   [32mΓ£ô[39m File Validation[2m > [22mFile Type Detection[2m > [22mshould detect PDF files[32m 0[2mms[22m[39m
   [32mΓ£ô[39m File Validation[2m > [22mFile Type Detection[2m > [22mshould detect ZIP files[32m 1[2mms[22m[39m
 [31mΓ¥»[39m client/lib/query-client.test.ts [2m([22m[2m76 tests[22m[2m | [22m[31m8 failed[39m[2m)[22m[33m 7598[2mms[22m[39m
   [32mΓ£ô[39m JWT Token Management[2m > [22mgetAuthToken[2m > [22mshould retrieve token from AsyncStorage[32m 4[2mms[22m[39m
   [32mΓ£ô[39m JWT Token Management[2m > [22mgetAuthToken[2m > [22mshould return null when no token exists[32m 0[2mms[22m[39m
   [32mΓ£ô[39m JWT Token Management[2m > [22mgetAuthToken[2m > [22mshould handle storage errors gracefully[32m 13[2mms[22m[39m
   [32mΓ£ô[39m JWT Token Management[2m > [22msetAuthToken[2m > [22mshould store token in AsyncStorage[32m 1[2mms[22m[39m
   [32mΓ£ô[39m JWT Token Management[2m > [22msetAuthToken[2m > [22mshould throw error on storage failure[32m 4[2mms[22m[39m
   [32mΓ£ô[39m JWT Token Management[2m > [22mclearAuthToken[2m > [22mshould remove token from AsyncStorage[32m 1[2mms[22m[39m
   [32mΓ£ô[39m JWT Token Management[2m > [22mclearAuthToken[2m > [22mshould throw error on storage failure[32m 2[2mms[22m[39m
   [32mΓ£ô[39m API Request[2m > [22mapiRequest[2m > [22mshould include Authorization header when token exists[32m 3[2mms[22m[39m
   [32mΓ£ô[39m API Request[2m > [22mapiRequest[2m > [22mshould not include Authorization header when token is missing[32m 1[2mms[22m[39m
   [32mΓ£ô[39m API Request[2m > [22mapiRequest[2m > [22mshould include request body for POST requests[32m 1[2mms[22m[39m
   [32mΓ£ô[39m API Request[2m > [22mapiRequest[2m > [22mshould clear token and throw on 401 response[32m 4[2mms[22m[39m
[31m   [31m├ù[31m API Request[2m > [22mapiRequest[2m > [22mshould throw error for non-OK responses[39m[32m 13[2mms[22m[39m
[31m     ΓåÆ expected [Function] to throw error including '500: Server error' but got 'Cannot read properties of undefined (ΓÇª'[39m
   [32mΓ£ô[39m API Request[2m > [22mapiRequest[2m > [22mshould set Content-Type header to application/json[32m 1[2mms[22m[39m
   [32mΓ£ô[39m API Request[2m > [22mapiRequest[2m > [22mshould include credentials in request[32m 1[2mms[22m[39m
   [32mΓ£ô[39m API Request[2m > [22mgetApiUrl[2m > [22mshould construct HTTPS URL from EXPO_PUBLIC_DOMAIN[32m 0[2mms[22m[39m
   [32mΓ£ô[39m API Request[2m > [22mgetApiUrl[2m > [22mshould throw error when EXPO_PUBLIC_DOMAIN is not set[32m 3[2mms[22m[39m
   [32mΓ£ô[39m React Query Configuration[2m > [22mshould have correct cache configuration[32m 9[2mms[22m[39m
   [32mΓ£ô[39m React Query Configuration[2m > [22mshould have exponential backoff retry delay[32m 1[2mms[22m[39m
   [33m[2mΓ£ô[22m[39m Property 1: Authorization Header Inclusion[2m > [22mshould include Authorization header for any API request when token exists [33m 2062[2mms[22m[39m
   [32mΓ£ô[39m Property 1: Authorization Header Inclusion[2m > [22mshould not include Authorization header when token is missing[32m 64[2mms[22m[39m
   [32mΓ£ô[39m Property 1: Authorization Header Inclusion[2m > [22mshould include Authorization header with Bearer prefix for all HTTP methods[32m 134[2mms[22m[39m
   [32mΓ£ô[39m Property 1: Authorization Header Inclusion[2m > [22mshould retrieve token from AsyncStorage for every request[32m 74[2mms[22m[39m
   [32mΓ£ô[39m Property 2: Photo Sorting Consistency[2m > [22mshould sort any photo set by createdAt in descending order (newest first)[32m 219[2mms[22m[39m
   [33m[2mΓ£ô[22m[39m Property 2: Photo Sorting Consistency[2m > [22mshould maintain descending order for photos with identical timestamps [33m 334[2mms[22m[39m
   [32mΓ£ô[39m Property 2: Photo Sorting Consistency[2m > [22mshould handle edge case of empty photo array[32m 26[2mms[22m[39m
   [32mΓ£ô[39m Property 2: Photo Sorting Consistency[2m > [22mshould handle single photo without error[32m 134[2mms[22m[39m
   [32mΓ£ô[39m Property 2: Photo Sorting Consistency[2m > [22mshould sort photos with extreme timestamp values correctly[32m 181[2mms[22m[39m
   [32mΓ£ô[39m Property 2: Photo Sorting Consistency[2m > [22mshould preserve photo data integrity during sorting[32m 296[2mms[22m[39m
   [32mΓ£ô[39m Property 3: Upload Request Completeness[2m > [22mshould include all required fields for any photo upload[32m 76[2mms[22m[39m
   [32mΓ£ô[39m Property 3: Upload Request Completeness[2m > [22mshould include required fields even with optional fields present[32m 58[2mms[22m[39m
   [32mΓ£ô[39m Property 3: Upload Request Completeness[2m > [22mshould send POST request to correct endpoint for any photo[32m 18[2mms[22m[39m
   [32mΓ£ô[39m Property 3: Upload Request Completeness[2m > [22mshould include Content-Type application/json for any upload[32m 9[2mms[22m[39m
   [32mΓ£ô[39m Property 4: Optimistic Update Replacement[2m > [22mshould replace temporary ID with server UUID for any successful upload[32m 28[2mms[22m[39m
   [32mΓ£ô[39m Property 4: Optimistic Update Replacement[2m > [22mshould generate unique temporary IDs for concurrent uploads[32m 42[2mms[22m[39m
   [32mΓ£ô[39m Property 4: Optimistic Update Replacement[2m > [22mshould preserve photo data when replacing temporary ID[32m 20[2mms[22m[39m
   [33m[2mΓ£ô[22m[39m Property 5: Sequential Upload Ordering[2m > [22mshould process uploads sequentially for any batch size [33m 3169[2mms[22m[39m
   [32mΓ£ô[39m Property 5: Sequential Upload Ordering[2m > [22mshould maintain upload order for any photo sequence[32m 7[2mms[22m[39m
   [32mΓ£ô[39m Property 5: Sequential Upload Ordering[2m > [22mshould complete all uploads even if one fails[32m 42[2mms[22m[39m
   [32mΓ£ô[39m Property 6: Cache Invalidation After Upload[2m > [22mshould invalidate photos cache after any successful upload[32m 22[2mms[22m[39m
   [32mΓ£ô[39m Property 6: Cache Invalidation After Upload[2m > [22mshould invalidate cache after failed upload[32m 14[2mms[22m[39m
   [32mΓ£ô[39m Property 6: Cache Invalidation After Upload[2m > [22mshould invalidate cache for any number of uploads[32m 23[2mms[22m[39m
   [32mΓ£ô[39m Property 6: Cache Invalidation After Upload[2m > [22mshould invalidate cache with correct query key structure[32m 17[2mms[22m[39m
[31m   [31m├ù[31m Property 7: Metadata Update Propagation[2m > [22mshould send PUT request for any favorite toggle[39m[32m 11[2mms[22m[39m
[31m     ΓåÆ Property failed after 1 tests
{ seed: 423316624, path: "0:0:0:0:0", endOnFailure: true }
Counterexample: ["00000000-0000-1000-8000-000000000000",false]
Shrunk 4 time(s)

Hint: Enable verbose mode in order to have the list of all failing values encountered during the run[39m
[31m   [31m├ù[31m Property 7: Metadata Update Propagation[2m > [22mshould send PUT request for any tags update[39m[32m 6[2mms[22m[39m
[31m     ΓåÆ Property failed after 1 tests
{ seed: 942724118, path: "0:0:0:0:0:0", endOnFailure: true }
Counterexample: ["00000000-0000-1000-8000-000000000000",[]]
Shrunk 5 time(s)

Hint: Enable verbose mode in order to have the list of all failing values encountered during the run[39m
[31m   [31m├ù[31m Property 7: Metadata Update Propagation[2m > [22mshould send PUT request for any notes update[39m[32m 6[2mms[22m[39m
[31m     ΓåÆ Property failed after 1 tests
{ seed: -1371602990, path: "0:0:0:0:0", endOnFailure: true }
Counterexample: ["00000000-0000-1000-8000-000000000000",""]
Shrunk 4 time(s)

Hint: Enable verbose mode in order to have the list of all failing values encountered during the run[39m
[31m   [31m├ù[31m Property 7: Metadata Update Propagation[2m > [22mshould send PUT request with correct endpoint format for any photoId[39m[32m 4[2mms[22m[39m
[31m     ΓåÆ Property failed after 1 tests
{ seed: 686190027, path: "0:0:0:0:0:0", endOnFailure: true }
Counterexample: ["00000000-0000-1000-8000-000000000000",{"tags":[]}]
Shrunk 5 time(s)

Hint: Enable verbose mode in order to have the list of all failing values encountered during the run[39m
   [32mΓ£ô[39m Property 7: Metadata Update Propagation[2m > [22mshould include Authorization header for any metadata update[32m 10[2mms[22m[39m
   [32mΓ£ô[39m Property 8: Optimistic Metadata Updates[2m > [22mshould apply optimistic update immediately for any favorite toggle[32m 39[2mms[22m[39m
   [32mΓ£ô[39m Property 8: Optimistic Metadata Updates[2m > [22mshould apply optimistic update immediately for any tags update[32m 20[2mms[22m[39m
   [32mΓ£ô[39m Property 8: Optimistic Metadata Updates[2m > [22mshould apply optimistic update immediately for any notes update[32m 20[2mms[22m[39m
   [32mΓ£ô[39m Property 8: Optimistic Metadata Updates[2m > [22mshould update modifiedAt timestamp for any metadata change[32m 18[2mms[22m[39m
   [32mΓ£ô[39m Property 9: Cache Update After Metadata Success[2m > [22mshould invalidate photos cache after any successful metadata update[32m 13[2mms[22m[39m
   [32mΓ£ô[39m Property 9: Cache Update After Metadata Success[2m > [22mshould preserve other photo data when updating metadata[32m 15[2mms[22m[39m
   [32mΓ£ô[39m Property 9: Cache Update After Metadata Success[2m > [22mshould handle cache update for any combination of metadata fields[32m 39[2mms[22m[39m
   [32mΓ£ô[39m Property 9: Cache Update After Metadata Success[2m > [22mshould invalidate cache exactly once per metadata update[32m 14[2mms[22m[39m
   [32mΓ£ô[39m Property 10: Deletion Request Propagation[2m > [22mshould send DELETE request to /api/photos/:id for any photo deletion[32m 80[2mms[22m[39m
[31m   [31m├ù[31m Property 10: Deletion Request Propagation[2m > [22mshould include Authorization header for any deletion request[39m[32m 8[2mms[22m[39m
[31m     ΓåÆ Property failed after 2 tests
{ seed: 1413193221, path: "1:0:0:0:0:0:0:0:0:0:0:0:0:0:0:0:0:0:0:0:0:0:0:0:0:0", endOnFailure: true }
Counterexample: ["00000000-0000-1000-8000-000000000000","AAAAAAAAAAAAAAAAAAAA"]
Shrunk 25 time(s)

Hint: Enable verbose mode in order to have the list of all failing values encountered during the run[39m
[31m   [31m├ù[31m Property 10: Deletion Request Propagation[2m > [22mshould send DELETE request for any valid UUID format[39m[32m 6[2mms[22m[39m
[31m     ΓåÆ Property failed after 2 tests
{ seed: 656538160, path: "1:0:0:0:0", endOnFailure: true }
Counterexample: ["00000000-0000-1000-8000-000000000000"]
Shrunk 4 time(s)

Hint: Enable verbose mode in order to have the list of all failing values encountered during the run[39m
[31m   [31m├ù[31m Property 10: Deletion Request Propagation[2m > [22mshould propagate deletion request even if photo doesn't exist locally[39m[32m 8[2mms[22m[39m
[31m     ΓåÆ Property failed after 2 tests
{ seed: 1590419216, path: "1:0:0:0:0", endOnFailure: true }
Counterexample: ["00000000-0000-1000-8000-000000000000"]
Shrunk 4 time(s)

Hint: Enable verbose mode in order to have the list of all failing values encountered during the run[39m
   [32mΓ£ô[39m Property 11: Optimistic Deletion[2m > [22mshould remove photo from UI immediately for any deletion[32m 20[2mms[22m[39m
   [32mΓ£ô[39m Property 11: Optimistic Deletion[2m > [22mshould handle deletion of first photo in any list[32m 12[2mms[22m[39m
   [32mΓ£ô[39m Property 11: Optimistic Deletion[2m > [22mshould handle deletion of last photo in any list[32m 12[2mms[22m[39m
   [32mΓ£ô[39m Property 11: Optimistic Deletion[2m > [22mshould preserve photo order after deletion[32m 11[2mms[22m[39m
   [32mΓ£ô[39m Property 11: Optimistic Deletion[2m > [22mshould handle deletion when photo appears multiple times (edge case)[32m 10[2mms[22m[39m
   [32mΓ£ô[39m Property 11: Optimistic Deletion[2m > [22mshould return empty array when deleting only photo[32m 6[2mms[22m[39m
   [32mΓ£ô[39m Property 12: Cache Cleanup After Deletion[2m > [22mshould invalidate photos cache for any successful deletion[32m 3[2mms[22m[39m
   [32mΓ£ô[39m Property 12: Cache Cleanup After Deletion[2m > [22mshould invalidate cache regardless of photo properties[32m 6[2mms[22m[39m
   [32mΓ£ô[39m Property 12: Cache Cleanup After Deletion[2m > [22mshould invalidate cache for deletion of photos with various states[32m 3[2mms[22m[39m
   [32mΓ£ô[39m Property 12: Cache Cleanup After Deletion[2m > [22mshould trigger cache cleanup even for non-existent photo IDs[32m 2[2mms[22m[39m
   [32mΓ£ô[39m Property 13: Album Cache Invalidation After Photo Deletion[2m > [22mshould invalidate both photos and albums caches for any deletion[32m 8[2mms[22m[39m
   [32mΓ£ô[39m Property 13: Album Cache Invalidation After Photo Deletion[2m > [22mshould invalidate album cache regardless of photo's album membership[32m 14[2mms[22m[39m
   [32mΓ£ô[39m Property 13: Album Cache Invalidation After Photo Deletion[2m > [22mshould invalidate album cache for photos with no albums[32m 5[2mms[22m[39m
   [32mΓ£ô[39m Property 13: Album Cache Invalidation After Photo Deletion[2m > [22mshould invalidate album cache for photos in single album[32m 9[2mms[22m[39m
   [32mΓ£ô[39m Property 13: Album Cache Invalidation After Photo Deletion[2m > [22mshould invalidate album cache for photos in multiple albums[32m 9[2mms[22m[39m
   [32mΓ£ô[39m Property 13: Album Cache Invalidation After Photo Deletion[2m > [22mshould ensure dual cache invalidation is atomic[32m 5[2mms[22m[39m
   [32mΓ£ô[39m Property 13: Album Cache Invalidation After Photo Deletion[2m > [22mshould invalidate album cache even if photo is album cover[32m 5[2mms[22m[39m
 [31mΓ¥»[39m client/screens/AlbumsScreen.property.test.tsx [2m([22m[2m8 tests[22m[2m | [22m[31m1 failed[39m[2m)[22m[33m 65194[2mms[22m[39m
   [33m[2mΓ£ô[22m[39m Property 14: Album Operation Requests[2m > [22mshould send POST /api/albums for any album creation [33m 1033[2mms[22m[39m
   [33m[2mΓ£ô[22m[39m Property 14: Album Operation Requests[2m > [22mshould send POST /api/albums/:id/photos for any photo addition [33m 1278[2mms[22m[39m
   [33m[2mΓ£ô[22m[39m Property 14: Album Operation Requests[2m > [22mshould send DELETE /api/albums/:id/photos/:photoId for any photo removal [33m 1193[2mms[22m[39m
   [33m[2mΓ£ô[22m[39m Property 14: Album Operation Requests[2m > [22mshould send DELETE /api/albums/:id for any album deletion [33m 829[2mms[22m[39m
[31m   [31m├ù[31m Property 15: Dual Cache Invalidation for Albums[2m > [22mshould invalidate both albums and photos caches after any album operation[39m[33m 60082[2mms[22m[39m
[31m     ΓåÆ Property failed after 1 tests
{ seed: 101830366, path: "0:0:0:0:0:0", endOnFailure: true }
Counterexample: ["create","00000000-0000-1000-8000-000000000000"]
Shrunk 5 time(s)

Hint: Enable verbose mode in order to have the list of all failing values encountered during the run[39m
   [33m[2mΓ£ô[22m[39m Property 16: Album Cover Photo Selection[2m > [22mshould set coverPhotoUri to first photo URI for any album with photos [33m 754[2mms[22m[39m
   [32mΓ£ô[39m Property 16: Album Cover Photo Selection[2m > [22mshould handle albums with no photos gracefully[32m 2[2mms[22m[39m
   [32mΓ£ô[39m Property 16: Album Cover Photo Selection[2m > [22mshould update cover photo when first photo changes[32m 20[2mms[22m[39m

[2m Test Files [22m [1m[31m8 failed[39m[22m[2m | [22m[1m[32m15 passed[39m[22m[90m (23)[39m
[2m      Tests [22m [1m[31m16 failed[39m[22m[2m | [22m[1m[32m407 passed[39m[22m[90m (423)[39m
[2m   Start at [22m 23:46:53
[2m   Duration [22m 68.22s[2m (transform 3.32s, setup 1.32s, collect 11.38s, tests 91.43s, environment 27.92s, prepare 5.87s)[22m

