
> my-app@1.0.0 check:types
> tsc --noEmit

